/home/UFAD/tcuevasmestanza/.conda/envs/lunar/lib/python3.12/site-packages/pygame/pkgdata.py:25: UserWarning: pkg_resources is deprecated as an API. See https://setuptools.pypa.io/en/latest/pkg_resources.html. The pkg_resources package is slated for removal as early as 2025-11-30. Refrain from using this package or pin to Setuptools<81.
  from pkg_resources import resource_stream, resource_exists
/home/UFAD/tcuevasmestanza/.conda/envs/lunar/lib/python3.12/site-packages/tyro/_parsers.py:353: UserWarning: The field `wandb-entity` is annotated with type `<class 'str'>`, but the default value `None` has type `<class 'NoneType'>`. We'll try to handle this gracefully, but it may cause unexpected behavior.
  warnings.warn(message)
/home/UFAD/tcuevasmestanza/.conda/envs/lunar/lib/python3.12/site-packages/tyro/_parsers.py:353: UserWarning: The field `target-kl` is annotated with type `<class 'float'>`, but the default value `None` has type `<class 'NoneType'>`. We'll try to handle this gracefully, but it may cause unexpected behavior.
  warnings.warn(message)
/home/UFAD/tcuevasmestanza/.conda/envs/lunar/lib/python3.12/site-packages/tyro/_parsers.py:353: UserWarning: The field `resume-path` is annotated with type `<class 'str'>`, but the default value `None` has type `<class 'NoneType'>`. We'll try to handle this gracefully, but it may cause unexpected behavior.
  warnings.warn(message)
Experiment info saved → runs/LunarLander_VarFramerate_fc_0.0_bud_25_26-08-18-13-07/info_settings.txt
Navigation Model Loaded
Navigation Model Loaded
Navigation Model Loaded
Navigation Model Loaded
Navigation Model Loaded
Navigation Model Loaded
Navigation Model Loaded
Navigation Model Loaded
Navigation Model Loaded
Navigation Model Loaded
Navigation Model Loaded
Navigation Model Loaded
Navigation Model Loaded
Navigation Model Loaded
Navigation Model Loaded
Navigation Model Loaded
Navigation Model Loaded
Navigation Model Loaded
Navigation Model Loaded
Navigation Model Loaded
Navigation Model Loaded
Navigation Model Loaded
Navigation Model Loaded
Navigation Model Loaded
Navigation Model Loaded
Navigation Model Loaded
Navigation Model Loaded
Navigation Model Loaded
Navigation Model Loaded
Navigation Model Loaded
Navigation Model Loaded
Navigation Model Loaded
Navigation Model Loaded
global_step=1600 | return=-314.93 | steps=50
global_step=1664 | return=-339.57 | steps=52
global_step=1728 | return=-368.81 | steps=54
global_step=1792 | return=-408.06 | steps=56
global_step=1824 | return=-246.48 | steps=57
global_step=1856 | return=-457.65 | steps=58
global_step=1984 | return=-522.67 | steps=62
global_step=1984 | return=-292.57 | steps=62
global_step=2080 | return=-349.72 | steps=65
global_step=2112 | return=-460.72 | steps=66
global_step=2272 | return=-447.88 | steps=71
global_step=2368 | return=-595.72 | steps=74
global_step=2560 | return=-580.01 | steps=80
global_step=2592 | return=-249.45 | steps=81
global_step=2624 | return=-265.30 | steps=82
global_step=2656 | return=-863.67 | steps=83
global_step=2688 | return=-650.36 | steps=84
global_step=2688 | return=-712.07 | steps=84
global_step=2880 | return=-292.51 | steps=90
global_step=2880 | return=-158.06 | steps=90
global_step=2976 | return=-284.54 | steps=93
global_step=3264 | return=-70.20 | steps=102
global_step=3264 | return=-439.15 | steps=102
global_step=3392 | return=-117.01 | steps=106
global_step=3488 | return=-181.79 | steps=109
global_step=3680 | return=-188.99 | steps=60
global_step=3808 | return=-463.32 | steps=61
global_step=3840 | return=-241.42 | steps=54
global_step=4000 | return=-140.43 | steps=74
global_step=4192 | return=-254.18 | steps=78
global_step=4224 | return=-308.25 | steps=132
global_step=4352 | return=-250.72 | steps=136
global_step=4384 | return=-424.22 | steps=137
global_step=4480 | return=-373.05 | steps=81
global_step=4736 | return=-310.77 | steps=85
global_step=4768 | return=-187.49 | steps=65
global_step=4768 | return=-188.12 | steps=92
global_step=4800 | return=-268.11 | steps=67
global_step=4832 | return=-594.42 | steps=84
global_step=5024 | return=-536.89 | steps=66
global_step=5024 | return=-28.56 | steps=157
global_step=5056 | return=-236.71 | steps=77
global_step=5088 | return=-368.16 | steps=56
global_step=5120 | return=-319.97 | steps=66
global_step=5344 | return=-541.62 | steps=64
global_step=5504 | return=-333.01 | steps=51
global_step=5536 | return=-383.70 | steps=98
global_step=5696 | return=-214.71 | steps=178
global_step=5696 | return=-317.49 | steps=106
global_step=5728 | return=-305.67 | steps=88
global_step=5792 | return=-232.24 | steps=96
global_step=5824 | return=-330.88 | steps=56
global_step=6080 | return=-264.99 | steps=80
global_step=6208 | return=-418.78 | steps=57
global_step=6688 | return=-214.33 | steps=59
global_step=6720 | return=-354.50 | steps=51
global_step=6720 | return=-207.84 | steps=128
global_step=6752 | return=-196.78 | steps=78
global_step=6848 | return=-511.24 | steps=65
global_step=6912 | return=-351.44 | steps=65
global_step=6912 | return=-150.30 | steps=84
global_step=7072 | return=-237.60 | steps=71
global_step=7168 | return=-242.75 | steps=86
global_step=7232 | return=-358.33 | steps=52
global_step=7232 | return=-390.40 | steps=58
global_step=7264 | return=-374.82 | steps=120
global_step=7520 | return=-344.56 | steps=53
global_step=7648 | return=-389.46 | steps=56
global_step=7744 | return=-570.24 | steps=84
global_step=7776 | return=-377.36 | steps=52
global_step=8032 | return=-506.94 | steps=90
global_step=8128 | return=-647.12 | steps=75
global_step=8224 | return=-340.91 | steps=172
global_step=8320 | return=-289.67 | steps=80
global_step=8480 | return=-157.30 | steps=113
global_step=8544 | return=-432.69 | steps=57
global_step=8544 | return=-288.69 | steps=109
global_step=8736 | return=-422.27 | steps=61
global_step=8768 | return=-542.38 | steps=79
global_step=8832 | return=-77.70 | steps=97
global_step=8864 | return=-151.47 | steps=157
global_step=8864 | return=-186.38 | steps=161
global_step=9184 | return=-534.68 | steps=76
global_step=9216 | return=-513.19 | steps=71
global_step=9280 | return=-306.05 | steps=50
global_step=9376 | return=-556.22 | steps=66
global_step=9440 | return=-65.28 | steps=80
global_step=9472 | return=-302.41 | steps=85
global_step=9504 | return=-508.77 | steps=75
global_step=9504 | return=-263.27 | steps=69
global_step=9664 | return=-244.49 | steps=58
global_step=9728 | return=-241.64 | steps=87
global_step=9888 | return=-499.82 | steps=246
global_step=10048 | return=-362.90 | steps=78
global_step=10496 | return=-203.34 | steps=85
global_step=10560 | return=-664.71 | steps=78
global_step=10592 | return=-501.14 | steps=65
global_step=10848 | return=-178.77 | steps=61
global_step=10944 | return=-598.70 | steps=68
global_step=11008 | return=-469.60 | steps=67
global_step=11232 | return=-296.87 | steps=93
global_step=11392 | return=-378.00 | steps=67
global_step=11392 | return=-265.25 | steps=88
global_step=11456 | return=-428.90 | steps=60
global_step=11488 | return=-504.89 | steps=62
global_step=11520 | return=-216.87 | steps=92
global_step=11616 | return=-163.15 | steps=203
global_step=11648 | return=-405.95 | steps=139
global_step=11712 | return=-522.01 | steps=78
global_step=11808 | return=-169.86 | steps=78
global_step=11840 | return=-533.38 | steps=92
global_step=12000 | return=-340.71 | steps=65
global_step=12032 | return=-632.51 | steps=73
global_step=12096 | return=-214.18 | steps=378
global_step=12192 | return=-53.42 | steps=381
global_step=12384 | return=-13.60 | steps=246
global_step=12480 | return=-395.23 | steps=61
global_step=12576 | return=-515.06 | steps=88
global_step=12640 | return=-322.69 | steps=52
global_step=12672 | return=-115.91 | steps=100
global_step=12768 | return=-339.09 | steps=84
global_step=12768 | return=-363.63 | steps=54
global_step=12832 | return=-65.78 | steps=146
global_step=12864 | return=-617.43 | steps=70
global_step=13056 | return=-110.23 | steps=77
global_step=13088 | return=-157.12 | steps=134
global_step=13312 | return=-484.76 | steps=76
global_step=13344 | return=-315.50 | steps=123
global_step=13344 | return=-491.67 | steps=60
global_step=13472 | return=-307.79 | steps=61
global_step=13472 | return=-305.48 | steps=62
global_step=13696 | return=-609.49 | steps=255
global_step=13760 | return=-392.41 | steps=59
global_step=13824 | return=-447.34 | steps=62
global_step=13824 | return=-247.46 | steps=75
global_step=13856 | return=-488.49 | steps=69
global_step=13984 | return=-203.69 | steps=60
global_step=14240 | return=-260.93 | steps=63
global_step=14304 | return=-251.23 | steps=71
global_step=14368 | return=-128.61 | steps=82
global_step=14432 | return=-317.11 | steps=72
global_step=14464 | return=-399.33 | steps=55
global_step=14464 | return=-216.66 | steps=52
global_step=14528 | return=-327.69 | steps=51
global_step=14560 | return=-418.22 | steps=103
global_step=14592 | return=-586.90 | steps=158
global_step=14592 | return=-317.16 | steps=65
global_step=15040 | return=-131.39 | steps=109
global_step=15136 | return=-347.86 | steps=51
global_step=15296 | return=-144.06 | steps=217
global_step=15328 | return=-598.85 | steps=85
global_step=15520 | return=-469.58 | steps=83
global_step=15840 | return=-230.13 | steps=62
global_step=15904 | return=-212.47 | steps=79
global_step=16032 | return=-291.16 | steps=67
global_step=16096 | return=-475.08 | steps=65
global_step=16160 | return=-198.26 | steps=76
global_step=16256 | return=-114.69 | steps=91
global_step=16288 | return=-409.18 | steps=59
global_step=16416 | return=-511.45 | steps=65
global_step=16416 | return=-441.89 | steps=57
global_step=16480 | return=-429.10 | steps=150
global_step=16480 | return=-420.27 | steps=60
global_step=16544 | return=-236.34 | steps=129
global_step=16608 | return=-125.16 | steps=88
global_step=16736 | return=-234.53 | steps=90
global_step=16896 | return=-442.48 | steps=301
global_step=16992 | return=-342.51 | steps=57
global_step=16992 | return=-274.11 | steps=78
global_step=17184 | return=-462.83 | steps=57
global_step=17632 | return=-439.93 | steps=72
global_step=17696 | return=-152.86 | steps=96
global_step=17760 | return=-369.91 | steps=137
global_step=17888 | return=-141.72 | steps=113
global_step=17888 | return=-213.27 | steps=88
global_step=18016 | return=-125.97 | steps=163
global_step=18080 | return=-278.19 | steps=113
global_step=18176 | return=-186.60 | steps=115
global_step=18208 | return=-349.11 | steps=59
global_step=18496 | return=-362.49 | steps=64
global_step=18752 | return=-353.47 | steps=54
global_step=18752 | return=-225.59 | steps=68
global_step=18784 | return=-192.92 | steps=165
global_step=18784 | return=-166.71 | steps=91
global_step=18816 | return=-216.55 | steps=86
global_step=18880 | return=-199.80 | steps=81
global_step=18880 | return=-648.71 | steps=74
global_step=18912 | return=-433.05 | steps=59
global_step=19008 | return=-172.48 | steps=137
global_step=19072 | return=-263.33 | steps=76
global_step=19200 | return=-156.18 | steps=102
global_step=19200 | return=-467.02 | steps=62
global_step=19200 | return=-292.63 | steps=191
global_step=19232 | return=-152.21 | steps=95
global_step=19328 | return=-488.00 | steps=80
global_step=19488 | return=-284.46 | steps=95
global_step=19648 | return=-538.39 | steps=85
global_step=19840 | return=-414.43 | steps=60
global_step=19872 | return=-350.67 | steps=52
global_step=19904 | return=-576.08 | steps=68
global_step=19968 | return=-580.32 | steps=228
global_step=19968 | return=-277.12 | steps=64
global_step=20064 | return=-58.32 | steps=141
global_step=20224 | return=-237.14 | steps=68
global_step=20576 | return=-216.60 | steps=139
global_step=20608 | return=-343.15 | steps=52
global_step=20736 | return=-157.15 | steps=69
global_step=20800 | return=-378.29 | steps=55
global_step=20832 | return=-191.97 | steps=63
global_step=20864 | return=-589.07 | steps=242
global_step=20864 | return=-422.14 | steps=96
global_step=20928 | return=-240.18 | steps=67
global_step=20928 | return=-475.30 | steps=65
global_step=20960 | return=-392.41 | steps=54
global_step=21248 | return=-290.98 | steps=148
global_step=21344 | return=-503.78 | steps=79
global_step=21504 | return=-566.65 | steps=85
global_step=21504 | return=-483.40 | steps=106
global_step=21760 | return=-584.71 | steps=83
global_step=21792 | return=-296.48 | steps=79
global_step=21792 | return=-419.90 | steps=56
global_step=21984 | return=-144.12 | steps=82
global_step=22016 | return=-376.08 | steps=63
global_step=22176 | return=-208.54 | steps=123
global_step=22240 | return=-338.75 | steps=143
global_step=22304 | return=-145.47 | steps=96
global_step=22368 | return=-188.47 | steps=76
global_step=22528 | return=-142.80 | steps=103
global_step=22624 | return=-255.11 | steps=85
global_step=22688 | return=-286.23 | steps=94
global_step=22688 | return=-208.90 | steps=54
global_step=22784 | return=-329.79 | steps=59
global_step=22816 | return=-341.76 | steps=69
global_step=22816 | return=-448.00 | steps=64
global_step=22848 | return=-299.14 | steps=123
global_step=22912 | return=-152.05 | steps=71
global_step=23488 | return=-239.73 | steps=124
global_step=23648 | return=-251.25 | steps=88
global_step=23680 | return=-452.27 | steps=59
global_step=23680 | return=-196.57 | steps=52
global_step=23808 | return=-519.89 | steps=62
global_step=23904 | return=-400.72 | steps=79
global_step=23968 | return=-340.03 | steps=158
global_step=24128 | return=-232.24 | steps=65
global_step=24128 | return=-251.54 | steps=72
global_step=24160 | return=-414.68 | steps=59
global_step=24224 | return=-201.72 | steps=136
global_step=24256 | return=-71.38 | steps=130
global_step=24320 | return=-330.51 | steps=50
global_step=24384 | return=-143.76 | steps=97
global_step=24608 | return=-165.30 | steps=116
global_step=24672 | return=-334.02 | steps=77
global_step=24736 | return=-335.66 | steps=63
global_step=24800 | return=-291.11 | steps=119
global_step=24832 | return=-483.88 | steps=63
global_step=24992 | return=-326.53 | steps=126
global_step=25024 | return=-523.52 | steps=65
global_step=25056 | return=-212.37 | steps=110
global_step=25056 | return=-383.74 | steps=75
global_step=25216 | return=-522.54 | steps=74
global_step=25280 | return=-336.44 | steps=76
global_step=25280 | return=-3.29 | steps=138
global_step=25376 | return=-343.83 | steps=52
global_step=25440 | return=-63.05 | steps=97
global_step=25600 | return=-168.02 | steps=167
global_step=25888 | return=-441.47 | steps=61
global_step=25920 | return=-658.51 | steps=75
global_step=26048 | return=-304.92 | steps=64
global_step=26176 | return=-194.23 | steps=103
global_step=26272 | return=-357.40 | steps=51
global_step=26368 | return=-162.43 | steps=69
global_step=26560 | return=-222.18 | steps=71
global_step=26688 | return=-442.12 | steps=79
global_step=26880 | return=-127.83 | steps=135
global_step=26912 | return=-238.75 | steps=52
global_step=27072 | return=-434.09 | steps=63
global_step=27168 | return=-185.17 | steps=55
global_step=27264 | return=-256.19 | steps=68
global_step=27328 | return=-436.06 | steps=58
global_step=27392 | return=-520.44 | steps=65
global_step=27520 | return=-79.51 | steps=104
global_step=27616 | return=-114.43 | steps=91
global_step=27680 | return=-438.50 | steps=125
global_step=27680 | return=-388.06 | steps=124
global_step=27680 | return=-563.21 | steps=102
global_step=27712 | return=-463.51 | steps=90
global_step=27744 | return=-356.47 | steps=167
global_step=27808 | return=-192.04 | steps=78
global_step=27840 | return=-334.60 | steps=197
global_step=27872 | return=-331.78 | steps=126
global_step=27904 | return=-230.42 | steps=88
global_step=27936 | return=-358.70 | steps=54
global_step=27936 | return=-426.01 | steps=58
global_step=27936 | return=-162.32 | steps=99
global_step=27936 | return=-99.57 | steps=96
global_step=28224 | return=-67.17 | steps=100
global_step=28224 | return=-230.58 | steps=72
global_step=28416 | return=-779.38 | steps=77
global_step=28544 | return=-268.46 | steps=61
global_step=28576 | return=-498.28 | steps=68
global_step=28736 | return=-262.54 | steps=57
global_step=29056 | return=-699.27 | steps=73
global_step=29184 | return=-321.14 | steps=51
global_step=29440 | return=-108.28 | steps=159
global_step=29536 | return=-414.88 | steps=56
global_step=29600 | return=-209.37 | steps=78
global_step=29664 | return=-415.36 | steps=61
global_step=29664 | return=-670.41 | steps=85
global_step=29696 | return=-304.83 | steps=62
global_step=29696 | return=-387.77 | steps=71
global_step=29728 | return=-266.75 | steps=76
global_step=29792 | return=-763.76 | steps=76
global_step=29856 | return=-607.64 | steps=69
global_step=29984 | return=-503.97 | steps=64
global_step=30048 | return=-106.91 | steps=138
global_step=30048 | return=-300.35 | steps=68
global_step=30112 | return=-523.53 | steps=67
global_step=30240 | return=-240.10 | steps=71
global_step=30432 | return=-101.53 | steps=129
global_step=30816 | return=-395.12 | steps=54
global_step=31040 | return=-293.26 | steps=96
global_step=31040 | return=-466.93 | steps=71
global_step=31104 | return=-433.77 | steps=59
global_step=31360 | return=-189.94 | steps=56
global_step=31392 | return=-95.38 | steps=107
global_step=31424 | return=-381.53 | steps=53
global_step=31520 | return=-392.79 | steps=135
global_step=31616 | return=-146.43 | steps=95
global_step=31712 | return=-454.43 | steps=59
global_step=31712 | return=-495.52 | steps=62
global_step=31712 | return=-160.84 | steps=97
global_step=31840 | return=-206.68 | steps=125
global_step=32160 | return=-493.14 | steps=65
global_step=32192 | return=-175.56 | steps=78
global_step=32224 | return=4.83 | steps=135
global_step=32256 | return=-210.35 | steps=70
global_step=32288 | return=-475.88 | steps=67
global_step=32320 | return=-92.10 | steps=121
global_step=32512 | return=-93.60 | steps=133
global_step=32608 | return=-145.67 | steps=153
global_step=32704 | return=-133.55 | steps=101
global_step=32704 | return=-313.62 | steps=92
SPS: 676
global_step=32800 | return=-463.02 | steps=61
global_step=32960 | return=-358.54 | steps=102
global_step=33056 | return=-140.43 | steps=150
global_step=33152 | return=-275.59 | steps=90
global_step=33280 | return=-254.07 | steps=172
global_step=33664 | return=-175.55 | steps=69
global_step=33696 | return=-167.12 | steps=67
global_step=33728 | return=-581.14 | steps=72
global_step=33824 | return=-465.09 | steps=65
global_step=33824 | return=-509.54 | steps=61
global_step=33888 | return=-284.39 | steps=67
global_step=33888 | return=-368.32 | steps=52
global_step=33920 | return=-335.22 | steps=302
global_step=34016 | return=-150.27 | steps=90
global_step=34080 | return=-213.20 | steps=54
global_step=34208 | return=-453.92 | steps=77
global_step=34336 | return=-335.39 | steps=50
global_step=34368 | return=-127.87 | steps=85
global_step=34400 | return=-163.62 | steps=135
global_step=34432 | return=-481.44 | steps=66
global_step=34496 | return=-125.43 | steps=107
global_step=34528 | return=-261.97 | steps=153
global_step=34656 | return=-131.31 | steps=149
global_step=34656 | return=-188.27 | steps=75
global_step=34752 | return=-224.43 | steps=77
global_step=34784 | return=-336.06 | steps=50
global_step=35040 | return=-263.36 | steps=89
global_step=35232 | return=-607.80 | steps=78
global_step=35264 | return=-293.88 | steps=131
global_step=35328 | return=-164.18 | steps=87
global_step=35680 | return=-82.16 | steps=89
global_step=35680 | return=-242.15 | steps=55
global_step=35744 | return=-428.40 | steps=59
global_step=35968 | return=-398.40 | steps=58
global_step=35968 | return=-427.32 | steps=71
global_step=36160 | return=-225.98 | steps=60
global_step=36352 | return=-535.61 | steps=81
global_step=36416 | return=-242.60 | steps=63
global_step=36416 | return=-443.25 | steps=77
global_step=36576 | return=-366.19 | steps=85
global_step=36640 | return=-114.37 | steps=114
global_step=36672 | return=-232.63 | steps=86
global_step=36768 | return=-283.46 | steps=65
global_step=36928 | return=-169.60 | steps=67
global_step=36928 | return=-349.04 | steps=90
global_step=36928 | return=-580.61 | steps=78
global_step=36960 | return=-423.36 | steps=81
global_step=37184 | return=-403.30 | steps=74
global_step=37280 | return=-134.02 | steps=88
global_step=37312 | return=-494.38 | steps=63
global_step=37728 | return=-218.10 | steps=63
global_step=37888 | return=-400.12 | steps=59
global_step=38048 | return=-303.97 | steps=148
global_step=38112 | return=-239.83 | steps=75
global_step=38208 | return=-419.05 | steps=98
global_step=38304 | return=-635.29 | steps=72
global_step=38368 | return=-92.72 | steps=165
global_step=38368 | return=-169.68 | steps=115
global_step=38464 | return=-359.18 | steps=52
global_step=38624 | return=-518.51 | steps=68
global_step=38656 | return=-245.60 | steps=129
global_step=38912 | return=-330.31 | steps=50
global_step=38976 | return=-399.15 | steps=55
global_step=39072 | return=-203.24 | steps=66
global_step=39200 | return=-395.58 | steps=81
global_step=39392 | return=-291.79 | steps=75
global_step=39392 | return=-365.78 | steps=92
global_step=39424 | return=-384.05 | steps=130
global_step=39808 | return=-116.23 | steps=139
global_step=39936 | return=-104.87 | steps=93
global_step=39936 | return=-193.78 | steps=194
global_step=40096 | return=-202.90 | steps=55
global_step=40192 | return=-433.53 | steps=56
global_step=40544 | return=-176.62 | steps=112
global_step=40544 | return=-322.47 | steps=121
global_step=40576 | return=-472.34 | steps=65
global_step=40608 | return=-189.19 | steps=122
global_step=40832 | return=117.50 | steps=295
global_step=40896 | return=-289.40 | steps=147
global_step=40928 | return=-441.25 | steps=62
global_step=41056 | return=-303.99 | steps=91
global_step=41152 | return=-431.41 | steps=77
global_step=41376 | return=-193.43 | steps=61
global_step=41376 | return=-117.80 | steps=108
global_step=41472 | return=-346.02 | steps=344
global_step=41568 | return=-329.29 | steps=50
global_step=41664 | return=-242.18 | steps=69
global_step=41888 | return=-353.55 | steps=87
global_step=41888 | return=-135.06 | steps=119
global_step=41888 | return=-425.37 | steps=129
global_step=42176 | return=-184.74 | steps=86
global_step=42336 | return=-267.65 | steps=186
global_step=42400 | return=-518.64 | steps=71
global_step=42400 | return=-342.17 | steps=57
global_step=42432 | return=-457.69 | steps=77
global_step=42528 | return=-368.71 | steps=129
global_step=42528 | return=-503.32 | steps=103
global_step=42752 | return=-18.21 | steps=141
global_step=42752 | return=-317.00 | steps=218
global_step=42816 | return=-257.02 | steps=58
global_step=42880 | return=-79.58 | steps=132
global_step=42880 | return=-101.48 | steps=121
global_step=42880 | return=-354.95 | steps=70
global_step=43296 | return=-190.33 | steps=84
global_step=43488 | return=-548.33 | steps=80
global_step=43520 | return=-481.54 | steps=66
global_step=43904 | return=-447.48 | steps=62
global_step=43904 | return=-308.23 | steps=352
global_step=43936 | return=-148.62 | steps=86
global_step=44096 | return=-446.38 | steps=84
global_step=44192 | return=-399.61 | steps=78
global_step=44256 | return=-161.10 | steps=99
global_step=44448 | return=-254.57 | steps=132
global_step=44544 | return=-155.69 | steps=82
global_step=44608 | return=-81.27 | steps=117
global_step=44768 | return=-443.86 | steps=58
global_step=44800 | return=-220.34 | steps=63
global_step=44928 | return=-537.44 | steps=78
global_step=44960 | return=-221.73 | steps=64
global_step=45024 | return=-345.27 | steps=162
global_step=45248 | return=-340.62 | steps=75
global_step=45248 | return=-482.50 | steps=87
global_step=45312 | return=-111.21 | steps=90
global_step=45408 | return=-169.16 | steps=119
global_step=45440 | return=-24.27 | steps=123
global_step=45600 | return=-196.21 | steps=64
global_step=45632 | return=-325.14 | steps=107
global_step=45664 | return=-318.12 | steps=97
global_step=45664 | return=-83.32 | steps=90
global_step=46336 | return=-129.19 | steps=138
global_step=46496 | return=-263.07 | steps=74
global_step=46560 | return=-177.18 | steps=82
global_step=46560 | return=-344.91 | steps=60
global_step=46752 | return=-362.27 | steps=193
global_step=46848 | return=-349.89 | steps=59
global_step=46912 | return=-385.61 | steps=84
global_step=47008 | return=-216.38 | steps=54
global_step=47040 | return=-412.46 | steps=129
global_step=47360 | return=-466.62 | steps=59
global_step=47488 | return=-399.32 | steps=404
global_step=47520 | return=-230.19 | steps=65
global_step=47552 | return=-174.06 | steps=85
global_step=47552 | return=-130.71 | steps=96
global_step=47616 | return=-334.07 | steps=73
global_step=47648 | return=-228.11 | steps=89
global_step=47776 | return=-224.72 | steps=100
global_step=47904 | return=-149.72 | steps=143
global_step=48000 | return=-467.28 | steps=116
global_step=48192 | return=-594.75 | steps=79
global_step=48224 | return=-129.57 | steps=79
global_step=48256 | return=-369.10 | steps=54
global_step=48256 | return=-307.69 | steps=82
global_step=48320 | return=-388.91 | steps=93
global_step=48416 | return=-83.06 | steps=105
global_step=48448 | return=-373.82 | steps=52
global_step=48448 | return=34.00 | steps=108
global_step=48512 | return=-441.75 | steps=142
global_step=48512 | return=-320.07 | steps=186
global_step=48576 | return=-121.84 | steps=90
global_step=48608 | return=-154.73 | steps=70
global_step=48608 | return=141.47 | steps=195
global_step=48640 | return=-352.84 | steps=53
global_step=48736 | return=-144.77 | steps=150
global_step=48800 | return=-143.50 | steps=165
global_step=48960 | return=-107.78 | steps=74
global_step=49248 | return=-259.62 | steps=68
global_step=49568 | return=-448.41 | steps=60
global_step=49600 | return=-235.09 | steps=80
global_step=49984 | return=-359.27 | steps=53
global_step=50048 | return=-241.58 | steps=79
global_step=50112 | return=-230.19 | steps=59
global_step=50208 | return=-228.55 | steps=75
global_step=50304 | return=-577.36 | steps=86
global_step=50592 | return=-421.05 | steps=55
global_step=50848 | return=-158.36 | steps=74
global_step=50848 | return=-181.71 | steps=88
global_step=50912 | return=-198.34 | steps=71
global_step=50944 | return=-552.77 | steps=81
global_step=50944 | return=-127.74 | steps=84
global_step=51008 | return=-159.72 | steps=138
global_step=51008 | return=-257.67 | steps=129
global_step=51040 | return=-259.00 | steps=81
global_step=51136 | return=-367.09 | steps=74
global_step=51200 | return=-521.63 | steps=69
global_step=51200 | return=-200.13 | steps=119
global_step=51232 | return=-337.40 | steps=51
global_step=51616 | return=-218.19 | steps=73
global_step=51776 | return=-203.81 | steps=97
global_step=51808 | return=-217.59 | steps=104
global_step=52000 | return=-355.82 | steps=58
global_step=52032 | return=-146.85 | steps=109
global_step=52032 | return=-290.67 | steps=107
global_step=52256 | return=-246.96 | steps=113
global_step=52288 | return=-172.28 | steps=125
global_step=52512 | return=-514.03 | steps=71
global_step=52544 | return=-487.50 | steps=79
global_step=52544 | return=-320.85 | steps=91
global_step=52576 | return=141.40 | steps=476
global_step=52864 | return=-149.96 | steps=135
global_step=52864 | return=-215.63 | steps=79
global_step=52896 | return=-591.20 | steps=88
global_step=52928 | return=-511.47 | steps=72
global_step=53056 | return=-267.74 | steps=62
global_step=53088 | return=-240.10 | steps=69
global_step=53088 | return=-532.45 | steps=64
global_step=53408 | return=-309.67 | steps=55
global_step=53440 | return=-470.53 | steps=69
global_step=53696 | return=-489.21 | steps=83
global_step=53760 | return=-427.62 | steps=61
global_step=53888 | return=-410.06 | steps=58
global_step=54080 | return=-386.39 | steps=56
global_step=54080 | return=-198.10 | steps=63
global_step=54112 | return=-307.07 | steps=92
global_step=54176 | return=-76.63 | steps=100
global_step=54560 | return=-318.98 | steps=218
global_step=54752 | return=-261.26 | steps=67
global_step=54816 | return=-296.77 | steps=53
global_step=54816 | return=-155.74 | steps=121
global_step=54848 | return=-398.77 | steps=55
global_step=54912 | return=-174.03 | steps=73
global_step=54912 | return=-104.80 | steps=114
global_step=54976 | return=-440.13 | steps=58
global_step=55040 | return=-261.50 | steps=67
global_step=55072 | return=-328.63 | steps=86
global_step=55296 | return=-370.24 | steps=241
global_step=55296 | return=-188.01 | steps=74
global_step=55360 | return=-493.63 | steps=88
global_step=55424 | return=-188.02 | steps=142
global_step=55584 | return=-222.40 | steps=136
global_step=55968 | return=-341.16 | steps=122
global_step=56032 | return=-343.18 | steps=81
global_step=56096 | return=-201.78 | steps=68
global_step=56096 | return=-460.28 | steps=82
global_step=56608 | return=-197.64 | steps=54
global_step=56640 | return=-342.94 | steps=51
global_step=56672 | return=-364.92 | steps=65
global_step=56800 | return=-401.29 | steps=96
global_step=56896 | return=-478.27 | steps=64
global_step=56928 | return=-327.61 | steps=87
global_step=57056 | return=-321.33 | steps=66
global_step=57088 | return=-234.40 | steps=90
global_step=57344 | return=-278.83 | steps=70
global_step=57376 | return=-203.58 | steps=55
global_step=57440 | return=-325.94 | steps=66
global_step=57472 | return=-179.53 | steps=298
global_step=57504 | return=-185.34 | steps=76
global_step=57536 | return=-501.48 | steps=67
global_step=57728 | return=-219.07 | steps=71
global_step=57888 | return=-500.36 | steps=189
global_step=57888 | return=-299.34 | steps=118
global_step=57920 | return=-458.66 | steps=58
global_step=58048 | return=99.02 | steps=221
global_step=58176 | return=-425.72 | steps=163
global_step=58400 | return=-497.21 | steps=71
global_step=58528 | return=-439.58 | steps=57
global_step=58752 | return=-402.67 | steps=56
global_step=58816 | return=-91.69 | steps=124
global_step=58848 | return=-269.45 | steps=110
global_step=58976 | return=-242.23 | steps=200
global_step=59008 | return=-458.91 | steps=60
global_step=59040 | return=-505.42 | steps=75
global_step=59136 | return=-319.60 | steps=72
global_step=59168 | return=-551.64 | steps=78
global_step=59200 | return=-308.01 | steps=51
global_step=59264 | return=-344.37 | steps=56
global_step=59424 | return=-457.49 | steps=59
global_step=59712 | return=-237.51 | steps=61
global_step=59712 | return=-220.34 | steps=81
global_step=59712 | return=-200.11 | steps=154
global_step=59712 | return=-543.12 | steps=69
global_step=59744 | return=-318.64 | steps=150
global_step=59968 | return=-258.03 | steps=55
global_step=60192 | return=-515.18 | steps=71
global_step=60224 | return=-302.84 | steps=71
global_step=60224 | return=-347.53 | steps=52
global_step=60256 | return=-284.24 | steps=129
global_step=60288 | return=-463.80 | steps=58
global_step=60288 | return=-102.22 | steps=90
global_step=60320 | return=-279.13 | steps=75
global_step=60480 | return=-106.91 | steps=97
global_step=60512 | return=-208.16 | steps=112
global_step=60512 | return=-370.36 | steps=52
global_step=60672 | return=-430.96 | steps=146
global_step=60896 | return=-475.53 | steps=66
global_step=60992 | return=-89.36 | steps=253
global_step=61024 | return=-137.54 | steps=92
global_step=61152 | return=-612.64 | steps=230
global_step=61376 | return=-487.30 | steps=73
global_step=61472 | return=-225.90 | steps=63
global_step=61504 | return=-263.78 | steps=76
global_step=61568 | return=-319.84 | steps=56
global_step=61920 | return=-234.05 | steps=91
global_step=62176 | return=-280.18 | steps=252
global_step=62208 | return=-334.56 | steps=52
global_step=62240 | return=-19.71 | steps=455
global_step=62304 | return=-523.44 | steps=72
global_step=62336 | return=-166.39 | steps=81
global_step=62592 | return=-85.11 | steps=103
global_step=62656 | return=-322.25 | steps=50
global_step=62688 | return=-259.06 | steps=75
global_step=62688 | return=-376.97 | steps=55
global_step=62720 | return=-158.60 | steps=74
global_step=62944 | return=-436.91 | steps=84
global_step=63040 | return=-367.01 | steps=51
global_step=63072 | return=-284.23 | steps=131
global_step=63104 | return=-358.68 | steps=75
global_step=63136 | return=-231.51 | steps=106
global_step=63136 | return=-326.56 | steps=50
global_step=63200 | return=-578.28 | steps=68
global_step=63456 | return=-173.47 | steps=100
global_step=63712 | return=-96.34 | steps=140
global_step=63808 | return=-425.35 | steps=102
global_step=64064 | return=-352.66 | steps=54
global_step=64192 | return=-435.14 | steps=121
global_step=64384 | return=-202.20 | steps=52
global_step=64416 | return=-452.31 | steps=164
global_step=64448 | return=-338.13 | steps=164
global_step=64544 | return=-236.02 | steps=81
global_step=64608 | return=-65.01 | steps=134
global_step=64640 | return=-38.99 | steps=95
global_step=64672 | return=-450.20 | steps=77
global_step=64672 | return=-184.63 | steps=72
global_step=64672 | return=-98.03 | steps=99
global_step=64672 | return=-362.41 | steps=154
global_step=64704 | return=-237.04 | steps=62
global_step=64896 | return=-441.46 | steps=60
global_step=65088 | return=-422.50 | steps=58
global_step=65120 | return=-279.42 | steps=89
global_step=65216 | return=-224.99 | steps=77
global_step=65376 | return=-278.60 | steps=84
global_step=65440 | return=-55.61 | steps=154
